
bob@DESKTOP-S1D4QG2 MINGW64 ~
$ git config --global user.name yangzj13

bob@DESKTOP-S1D4QG2 MINGW64 ~
$ git config --global user.email yangzj13@mails.tsinghua.edu.cn

bob@DESKTOP-S1D4QG2 MINGW64 ~
$ pwd
/c/Users/bob

bob@DESKTOP-S1D4QG2 MINGW64 ~
$ cd learngit/

bob@DESKTOP-S1D4QG2 MINGW64 ~/learngit
$ pwd
/c/Users/bob/learngit

bob@DESKTOP-S1D4QG2 MINGW64 ~/learngit
$ git init
Initialized empty Git repository in C:/Users/bob/learngit/.git/

bob@DESKTOP-S1D4QG2 MINGW64 ~/learngit (master)
$ sublime
bash: sublime: command not found

bob@DESKTOP-S1D4QG2 MINGW64 ~/learngit (master)
$ git add readme.txt

bob@DESKTOP-S1D4QG2 MINGW64 ~/learngit (master)
$ git commit -m "wrote a readme file"
[master (root-commit) 4bc6daf] wrote a readme file
 1 file changed, 2 insertions(+)
 create mode 100644 readme.txt

